/home/users/duttaay/Isca/postprocessing/plevel_interpolation/exec/plev.x
./plevel.sh: line 177: ulimit: stack size: cannot modify limit: Operation not permitted
itime =       1
itime =       2
itime =       3
itime =       4
itime =       5
itime =       6
itime =       7
itime =       8
itime =       9
itime =      10
itime =      11
itime =      12
itime =      13
itime =      14
itime =      15
itime =      16
itime =      17
itime =      18
itime =      19
itime =      20
itime =      21
itime =      22
itime =      23
itime =      24
itime =      25
itime =      26
itime =      27
itime =      28
itime =      29
itime =      30
itime =      31
itime =      32
itime =      33
itime =      34
itime =      35
itime =      36
itime =      37
itime =      38
itime =      39
itime =      40
itime =      41
itime =      42
itime =      43
itime =      44
itime =      45
itime =      46
itime =      47
itime =      48
itime =      49
itime =      50
itime =      51
itime =      52
itime =      53
itime =      54
itime =      55
itime =      56
itime =      57
itime =      58
itime =      59
itime =      60
itime =      61
itime =      62
itime =      63
itime =      64
itime =      65
itime =      66
itime =      67
itime =      68
itime =      69
itime =      70
itime =      71
itime =      72
itime =      73
itime =      74
itime =      75
itime =      76
itime =      77
itime =      78
itime =      79
itime =      80
itime =      81
itime =      82
itime =      83
itime =      84
itime =      85
itime =      86
itime =      87
itime =      88
itime =      89
itime =      90
itime =      91
itime =      92
itime =      93
itime =      94
itime =      95
itime =      96
itime =      97
itime =      98
itime =      99
itime =     100
itime =     101
itime =     102
itime =     103
itime =     104
itime =     105
itime =     106
itime =     107
itime =     108
itime =     109
itime =     110
itime =     111
itime =     112
itime =     113
itime =     114
itime =     115
itime =     116
itime =     117
itime =     118
itime =     119
itime =     120
/home/users/duttaay/Isca/postprocessing/plevel_interpolation/exec/plev.x
./plevel.sh: line 177: ulimit: stack size: cannot modify limit: Operation not permitted
itime =       1
itime =       2
itime =       3
itime =       4
itime =       5
itime =       6
itime =       7
itime =       8
itime =       9
itime =      10
itime =      11
itime =      12
itime =      13
itime =      14
itime =      15
itime =      16
itime =      17
itime =      18
itime =      19
itime =      20
itime =      21
itime =      22
itime =      23
itime =      24
itime =      25
itime =      26
itime =      27
itime =      28
itime =      29
itime =      30
itime =      31
itime =      32
itime =      33
itime =      34
itime =      35
itime =      36
itime =      37
itime =      38
itime =      39
itime =      40
itime =      41
itime =      42
itime =      43
itime =      44
itime =      45
itime =      46
itime =      47
itime =      48
itime =      49
itime =      50
itime =      51
itime =      52
itime =      53
itime =      54
itime =      55
itime =      56
itime =      57
itime =      58
itime =      59
itime =      60
itime =      61
itime =      62
itime =      63
itime =      64
itime =      65
itime =      66
itime =      67
itime =      68
itime =      69
itime =      70
itime =      71
itime =      72
itime =      73
itime =      74
itime =      75
itime =      76
itime =      77
itime =      78
itime =      79
itime =      80
itime =      81
itime =      82
itime =      83
itime =      84
itime =      85
itime =      86
itime =      87
itime =      88
itime =      89
itime =      90
itime =      91
itime =      92
itime =      93
itime =      94
itime =      95
itime =      96
itime =      97
itime =      98
itime =      99
itime =     100
itime =     101
itime =     102
itime =     103
itime =     104
itime =     105
itime =     106
itime =     107
itime =     108
itime =     109
itime =     110
itime =     111
itime =     112
itime =     113
itime =     114
itime =     115
itime =     116
itime =     117
itime =     118
itime =     119
itime =     120
/home/users/duttaay/Isca/postprocessing/plevel_interpolation/exec/plev.x
./plevel.sh: line 177: ulimit: stack size: cannot modify limit: Operation not permitted
itime =       1
itime =       2
itime =       3
itime =       4
itime =       5
itime =       6
itime =       7
itime =       8
itime =       9
itime =      10
itime =      11
itime =      12
itime =      13
itime =      14
itime =      15
itime =      16
itime =      17
itime =      18
itime =      19
itime =      20
itime =      21
itime =      22
itime =      23
itime =      24
itime =      25
itime =      26
itime =      27
itime =      28
itime =      29
itime =      30
itime =      31
itime =      32
itime =      33
itime =      34
itime =      35
itime =      36
itime =      37
itime =      38
itime =      39
itime =      40
itime =      41
itime =      42
itime =      43
itime =      44
itime =      45
itime =      46
itime =      47
itime =      48
itime =      49
itime =      50
itime =      51
itime =      52
itime =      53
itime =      54
itime =      55
itime =      56
itime =      57
itime =      58
itime =      59
itime =      60
itime =      61
itime =      62
itime =      63
itime =      64
itime =      65
itime =      66
itime =      67
itime =      68
itime =      69
itime =      70
itime =      71
itime =      72
itime =      73
itime =      74
itime =      75
itime =      76
itime =      77
itime =      78
itime =      79
itime =      80
itime =      81
itime =      82
itime =      83
itime =      84
itime =      85
itime =      86
itime =      87
itime =      88
itime =      89
itime =      90
itime =      91
itime =      92
itime =      93
itime =      94
itime =      95
itime =      96
itime =      97
itime =      98
itime =      99
itime =     100
itime =     101
itime =     102
itime =     103
itime =     104
itime =     105
itime =     106
itime =     107
itime =     108
itime =     109
itime =     110
itime =     111
itime =     112
itime =     113
itime =     114
itime =     115
itime =     116
itime =     117
itime =     118
itime =     119
itime =     120
/home/users/duttaay/Isca/postprocessing/plevel_interpolation/exec/plev.x
./plevel.sh: line 177: ulimit: stack size: cannot modify limit: Operation not permitted
itime =       1
itime =       2
itime =       3
itime =       4
itime =       5
itime =       6
itime =       7
itime =       8
itime =       9
itime =      10
itime =      11
itime =      12
itime =      13
itime =      14
itime =      15
itime =      16
itime =      17
itime =      18
itime =      19
itime =      20
itime =      21
itime =      22
itime =      23
itime =      24
itime =      25
itime =      26
itime =      27
itime =      28
itime =      29
itime =      30
itime =      31
itime =      32
itime =      33
itime =      34
itime =      35
itime =      36
itime =      37
itime =      38
itime =      39
itime =      40
itime =      41
itime =      42
itime =      43
itime =      44
itime =      45
itime =      46
itime =      47
itime =      48
itime =      49
itime =      50
itime =      51
itime =      52
itime =      53
itime =      54
itime =      55
itime =      56
itime =      57
itime =      58
itime =      59
itime =      60
itime =      61
itime =      62
itime =      63
itime =      64
itime =      65
itime =      66
itime =      67
itime =      68
itime =      69
itime =      70
itime =      71
itime =      72
itime =      73
itime =      74
itime =      75
itime =      76
itime =      77
itime =      78
itime =      79
itime =      80
itime =      81
itime =      82
itime =      83
itime =      84
itime =      85
itime =      86
itime =      87
itime =      88
itime =      89
itime =      90
itime =      91
itime =      92
itime =      93
itime =      94
itime =      95
itime =      96
itime =      97
itime =      98
itime =      99
itime =     100
itime =     101
itime =     102
itime =     103
itime =     104
itime =     105
itime =     106
itime =     107
itime =     108
itime =     109
itime =     110
itime =     111
itime =     112
itime =     113
itime =     114
itime =     115
itime =     116
itime =     117
itime =     118
itime =     119
itime =     120
/home/users/duttaay/Isca/postprocessing/plevel_interpolation/exec/plev.x
./plevel.sh: line 177: ulimit: stack size: cannot modify limit: Operation not permitted
itime =       1
itime =       2
itime =       3
itime =       4
itime =       5
itime =       6
itime =       7
itime =       8
itime =       9
itime =      10
itime =      11
itime =      12
itime =      13
itime =      14
itime =      15
itime =      16
itime =      17
itime =      18
itime =      19
itime =      20
itime =      21
itime =      22
itime =      23
itime =      24
itime =      25
itime =      26
itime =      27
itime =      28
itime =      29
itime =      30
itime =      31
itime =      32
itime =      33
itime =      34
itime =      35
itime =      36
itime =      37
itime =      38
itime =      39
itime =      40
itime =      41
itime =      42
itime =      43
itime =      44
itime =      45
itime =      46
itime =      47
itime =      48
itime =      49
itime =      50
itime =      51
itime =      52
itime =      53
itime =      54
itime =      55
itime =      56
itime =      57
itime =      58
itime =      59
itime =      60
itime =      61
itime =      62
itime =      63
itime =      64
itime =      65
itime =      66
itime =      67
itime =      68
itime =      69
itime =      70
itime =      71
itime =      72
itime =      73
itime =      74
itime =      75
itime =      76
itime =      77
itime =      78
itime =      79
itime =      80
itime =      81
itime =      82
itime =      83
itime =      84
itime =      85
itime =      86
itime =      87
itime =      88
itime =      89
itime =      90
itime =      91
itime =      92
itime =      93
itime =      94
itime =      95
itime =      96
itime =      97
itime =      98
itime =      99
itime =     100
itime =     101
itime =     102
itime =     103
itime =     104
itime =     105
itime =     106
itime =     107
itime =     108
itime =     109
itime =     110
itime =     111
itime =     112
itime =     113
itime =     114
itime =     115
itime =     116
itime =     117
itime =     118
itime =     119
itime =     120
/home/users/duttaay/Isca/postprocessing/plevel_interpolation/exec/plev.x
./plevel.sh: line 177: ulimit: stack size: cannot modify limit: Operation not permitted
itime =       1
itime =       2
itime =       3
itime =       4
itime =       5
itime =       6
itime =       7
itime =       8
itime =       9
itime =      10
itime =      11
itime =      12
itime =      13
itime =      14
itime =      15
itime =      16
itime =      17
itime =      18
itime =      19
itime =      20
itime =      21
itime =      22
itime =      23
itime =      24
itime =      25
itime =      26
itime =      27
itime =      28
itime =      29
itime =      30
itime =      31
itime =      32
itime =      33
itime =      34
itime =      35
itime =      36
itime =      37
itime =      38
itime =      39
itime =      40
itime =      41
itime =      42
itime =      43
itime =      44
itime =      45
itime =      46
itime =      47
itime =      48
itime =      49
itime =      50
itime =      51
itime =      52
itime =      53
itime =      54
itime =      55
itime =      56
itime =      57
itime =      58
itime =      59
itime =      60
itime =      61
itime =      62
itime =      63
itime =      64
itime =      65
itime =      66
itime =      67
itime =      68
itime =      69
itime =      70
itime =      71
itime =      72
itime =      73
itime =      74
itime =      75
itime =      76
itime =      77
itime =      78
itime =      79
itime =      80
itime =      81
itime =      82
itime =      83
itime =      84
itime =      85
itime =      86
itime =      87
itime =      88
itime =      89
itime =      90
itime =      91
itime =      92
itime =      93
itime =      94
itime =      95
itime =      96
itime =      97
itime =      98
itime =      99
itime =     100
itime =     101
itime =     102
itime =     103
itime =     104
itime =     105
itime =     106
itime =     107
itime =     108
itime =     109
itime =     110
itime =     111
itime =     112
itime =     113
itime =     114
itime =     115
itime =     116
itime =     117
itime =     118
itime =     119
itime =     120
/home/users/duttaay/Isca/postprocessing/plevel_interpolation/exec/plev.x
./plevel.sh: line 177: ulimit: stack size: cannot modify limit: Operation not permitted
itime =       1
itime =       2
itime =       3
itime =       4
itime =       5
itime =       6
itime =       7
itime =       8
itime =       9
itime =      10
itime =      11
itime =      12
itime =      13
itime =      14
itime =      15
itime =      16
itime =      17
itime =      18
itime =      19
itime =      20
itime =      21
itime =      22
itime =      23
itime =      24
itime =      25
itime =      26
itime =      27
itime =      28
itime =      29
itime =      30
itime =      31
itime =      32
itime =      33
itime =      34
itime =      35
itime =      36
itime =      37
itime =      38
itime =      39
itime =      40
itime =      41
itime =      42
itime =      43
itime =      44
itime =      45
itime =      46
itime =      47
itime =      48
itime =      49
itime =      50
itime =      51
itime =      52
itime =      53
itime =      54
itime =      55
itime =      56
itime =      57
itime =      58
itime =      59
itime =      60
itime =      61
itime =      62
itime =      63
itime =      64
itime =      65
itime =      66
itime =      67
itime =      68
itime =      69
itime =      70
itime =      71
itime =      72
itime =      73
itime =      74
itime =      75
itime =      76
itime =      77
itime =      78
itime =      79
itime =      80
itime =      81
itime =      82
itime =      83
itime =      84
itime =      85
itime =      86
itime =      87
itime =      88
itime =      89
itime =      90
itime =      91
itime =      92
itime =      93
itime =      94
itime =      95
itime =      96
itime =      97
itime =      98
itime =      99
itime =     100
itime =     101
itime =     102
itime =     103
itime =     104
itime =     105
itime =     106
itime =     107
itime =     108
itime =     109
itime =     110
itime =     111
itime =     112
itime =     113
itime =     114
itime =     115
itime =     116
itime =     117
itime =     118
itime =     119
itime =     120
/home/users/duttaay/Isca/postprocessing/plevel_interpolation/exec/plev.x
./plevel.sh: line 177: ulimit: stack size: cannot modify limit: Operation not permitted
itime =       1
itime =       2
itime =       3
itime =       4
itime =       5
itime =       6
itime =       7
itime =       8
itime =       9
itime =      10
itime =      11
itime =      12
itime =      13
itime =      14
itime =      15
itime =      16
itime =      17
itime =      18
itime =      19
itime =      20
itime =      21
itime =      22
itime =      23
itime =      24
itime =      25
itime =      26
itime =      27
itime =      28
itime =      29
itime =      30
itime =      31
itime =      32
itime =      33
itime =      34
itime =      35
itime =      36
itime =      37
itime =      38
itime =      39
itime =      40
itime =      41
itime =      42
itime =      43
itime =      44
itime =      45
itime =      46
itime =      47
itime =      48
itime =      49
itime =      50
itime =      51
itime =      52
itime =      53
itime =      54
itime =      55
itime =      56
itime =      57
itime =      58
itime =      59
itime =      60
itime =      61
itime =      62
itime =      63
itime =      64
itime =      65
itime =      66
itime =      67
itime =      68
itime =      69
itime =      70
itime =      71
itime =      72
itime =      73
itime =      74
itime =      75
itime =      76
itime =      77
itime =      78
itime =      79
itime =      80
itime =      81
itime =      82
itime =      83
itime =      84
itime =      85
itime =      86
itime =      87
itime =      88
itime =      89
itime =      90
itime =      91
itime =      92
itime =      93
itime =      94
itime =      95
itime =      96
itime =      97
itime =      98
itime =      99
itime =     100
itime =     101
itime =     102
itime =     103
itime =     104
itime =     105
itime =     106
itime =     107
itime =     108
itime =     109
itime =     110
itime =     111
itime =     112
itime =     113
itime =     114
itime =     115
itime =     116
itime =     117
itime =     118
itime =     119
itime =     120
/home/users/duttaay/Isca/postprocessing/plevel_interpolation/exec/plev.x
./plevel.sh: line 177: ulimit: stack size: cannot modify limit: Operation not permitted
itime =       1
itime =       2
itime =       3
itime =       4
itime =       5
itime =       6
itime =       7
itime =       8
itime =       9
itime =      10
itime =      11
itime =      12
itime =      13
itime =      14
itime =      15
itime =      16
itime =      17
itime =      18
itime =      19
itime =      20
itime =      21
itime =      22
itime =      23
itime =      24
itime =      25
itime =      26
itime =      27
itime =      28
itime =      29
itime =      30
itime =      31
itime =      32
itime =      33
itime =      34
itime =      35
itime =      36
itime =      37
itime =      38
itime =      39
itime =      40
itime =      41
itime =      42
itime =      43
itime =      44
itime =      45
itime =      46
itime =      47
itime =      48
itime =      49
itime =      50
itime =      51
itime =      52
itime =      53
itime =      54
itime =      55
itime =      56
itime =      57
itime =      58
itime =      59
itime =      60
itime =      61
itime =      62
itime =      63
itime =      64
itime =      65
itime =      66
itime =      67
itime =      68
itime =      69
itime =      70
itime =      71
itime =      72
itime =      73
itime =      74
itime =      75
itime =      76
itime =      77
itime =      78
itime =      79
itime =      80
itime =      81
itime =      82
itime =      83
itime =      84
itime =      85
itime =      86
itime =      87
itime =      88
itime =      89
itime =      90
itime =      91
itime =      92
itime =      93
itime =      94
itime =      95
itime =      96
itime =      97
itime =      98
itime =      99
itime =     100
itime =     101
itime =     102
itime =     103
itime =     104
itime =     105
itime =     106
itime =     107
itime =     108
itime =     109
itime =     110
itime =     111
itime =     112
itime =     113
itime =     114
itime =     115
itime =     116
itime =     117
itime =     118
itime =     119
itime =     120
/home/users/duttaay/Isca/postprocessing/plevel_interpolation/exec/plev.x
./plevel.sh: line 177: ulimit: stack size: cannot modify limit: Operation not permitted
itime =       1
itime =       2
itime =       3
itime =       4
itime =       5
itime =       6
itime =       7
itime =       8
itime =       9
itime =      10
itime =      11
itime =      12
itime =      13
itime =      14
itime =      15
itime =      16
itime =      17
itime =      18
itime =      19
itime =      20
itime =      21
itime =      22
itime =      23
itime =      24
itime =      25
itime =      26
itime =      27
itime =      28
itime =      29
itime =      30
itime =      31
itime =      32
itime =      33
itime =      34
itime =      35
itime =      36
itime =      37
itime =      38
itime =      39
itime =      40
itime =      41
itime =      42
itime =      43
itime =      44
itime =      45
itime =      46
itime =      47
itime =      48
itime =      49
itime =      50
itime =      51
itime =      52
itime =      53
itime =      54
itime =      55
itime =      56
itime =      57
itime =      58
itime =      59
itime =      60
itime =      61
itime =      62
itime =      63
itime =      64
itime =      65
itime =      66
itime =      67
itime =      68
itime =      69
itime =      70
itime =      71
itime =      72
itime =      73
itime =      74
itime =      75
itime =      76
itime =      77
itime =      78
itime =      79
itime =      80
itime =      81
itime =      82
itime =      83
itime =      84
itime =      85
itime =      86
itime =      87
itime =      88
itime =      89
itime =      90
itime =      91
itime =      92
itime =      93
itime =      94
itime =      95
itime =      96
itime =      97
itime =      98
itime =      99
itime =     100
itime =     101
itime =     102
itime =     103
itime =     104
itime =     105
itime =     106
itime =     107
itime =     108
itime =     109
itime =     110
itime =     111
itime =     112
itime =     113
itime =     114
itime =     115
itime =     116
itime =     117
itime =     118
itime =     119
itime =     120
/home/users/duttaay/Isca/postprocessing/plevel_interpolation/exec/plev.x
./plevel.sh: line 177: ulimit: stack size: cannot modify limit: Operation not permitted
itime =       1
itime =       2
itime =       3
itime =       4
itime =       5
itime =       6
itime =       7
itime =       8
itime =       9
itime =      10
itime =      11
itime =      12
itime =      13
itime =      14
itime =      15
itime =      16
itime =      17
itime =      18
itime =      19
itime =      20
itime =      21
itime =      22
itime =      23
itime =      24
itime =      25
itime =      26
itime =      27
itime =      28
itime =      29
itime =      30
itime =      31
itime =      32
itime =      33
itime =      34
itime =      35
itime =      36
itime =      37
itime =      38
itime =      39
itime =      40
itime =      41
itime =      42
itime =      43
itime =      44
itime =      45
itime =      46
itime =      47
itime =      48
itime =      49
itime =      50
itime =      51
itime =      52
itime =      53
itime =      54
itime =      55
itime =      56
itime =      57
itime =      58
itime =      59
itime =      60
itime =      61
itime =      62
itime =      63
itime =      64
itime =      65
itime =      66
itime =      67
itime =      68
itime =      69
itime =      70
itime =      71
itime =      72
itime =      73
itime =      74
itime =      75
itime =      76
itime =      77
itime =      78
itime =      79
itime =      80
itime =      81
itime =      82
itime =      83
itime =      84
itime =      85
itime =      86
itime =      87
itime =      88
itime =      89
itime =      90
itime =      91
itime =      92
itime =      93
itime =      94
itime =      95
itime =      96
itime =      97
itime =      98
itime =      99
itime =     100
itime =     101
itime =     102
itime =     103
itime =     104
itime =     105
itime =     106
itime =     107
itime =     108
itime =     109
itime =     110
itime =     111
itime =     112
itime =     113
itime =     114
itime =     115
itime =     116
itime =     117
itime =     118
itime =     119
itime =     120
/home/users/duttaay/Isca/postprocessing/plevel_interpolation/exec/plev.x
./plevel.sh: line 177: ulimit: stack size: cannot modify limit: Operation not permitted
itime =       1
itime =       2
itime =       3
itime =       4
itime =       5
itime =       6
itime =       7
itime =       8
itime =       9
itime =      10
itime =      11
itime =      12
itime =      13
itime =      14
itime =      15
itime =      16
itime =      17
itime =      18
itime =      19
itime =      20
itime =      21
itime =      22
itime =      23
itime =      24
itime =      25
itime =      26
itime =      27
itime =      28
itime =      29
itime =      30
itime =      31
itime =      32
itime =      33
itime =      34
itime =      35
itime =      36
itime =      37
itime =      38
itime =      39
itime =      40
itime =      41
itime =      42
itime =      43
itime =      44
itime =      45
itime =      46
itime =      47
itime =      48
itime =      49
itime =      50
itime =      51
itime =      52
itime =      53
itime =      54
itime =      55
itime =      56
itime =      57
itime =      58
itime =      59
itime =      60
itime =      61
itime =      62
itime =      63
itime =      64
itime =      65
itime =      66
itime =      67
itime =      68
itime =      69
itime =      70
itime =      71
itime =      72
itime =      73
itime =      74
itime =      75
itime =      76
itime =      77
itime =      78
itime =      79
itime =      80
itime =      81
itime =      82
itime =      83
itime =      84
itime =      85
itime =      86
itime =      87
itime =      88
itime =      89
itime =      90
itime =      91
itime =      92
itime =      93
itime =      94
itime =      95
itime =      96
itime =      97
itime =      98
itime =      99
itime =     100
itime =     101
itime =     102
itime =     103
itime =     104
itime =     105
itime =     106
itime =     107
itime =     108
itime =     109
itime =     110
itime =     111
itime =     112
itime =     113
itime =     114
itime =     115
itime =     116
itime =     117
itime =     118
itime =     119
itime =     120
/home/users/duttaay/Isca/postprocessing/plevel_interpolation/exec/plev.x
./plevel.sh: line 177: ulimit: stack size: cannot modify limit: Operation not permitted
itime =       1
itime =       2
itime =       3
itime =       4
itime =       5
itime =       6
itime =       7
itime =       8
itime =       9
itime =      10
itime =      11
itime =      12
itime =      13
itime =      14
itime =      15
itime =      16
itime =      17
itime =      18
itime =      19
itime =      20
itime =      21
itime =      22
itime =      23
itime =      24
itime =      25
itime =      26
itime =      27
itime =      28
itime =      29
itime =      30
itime =      31
itime =      32
itime =      33
itime =      34
itime =      35
itime =      36
itime =      37
itime =      38
itime =      39
itime =      40
itime =      41
itime =      42
itime =      43
itime =      44
itime =      45
itime =      46
itime =      47
itime =      48
itime =      49
itime =      50
itime =      51
itime =      52
itime =      53
itime =      54
itime =      55
itime =      56
itime =      57
itime =      58
itime =      59
itime =      60
itime =      61
itime =      62
itime =      63
itime =      64
itime =      65
itime =      66
itime =      67
itime =      68
itime =      69
itime =      70
itime =      71
itime =      72
itime =      73
itime =      74
itime =      75
itime =      76
itime =      77
itime =      78
itime =      79
itime =      80
itime =      81
itime =      82
itime =      83
itime =      84
itime =      85
itime =      86
itime =      87
itime =      88
itime =      89
itime =      90
itime =      91
itime =      92
itime =      93
itime =      94
itime =      95
itime =      96
itime =      97
itime =      98
itime =      99
itime =     100
itime =     101
itime =     102
itime =     103
itime =     104
itime =     105
itime =     106
itime =     107
itime =     108
itime =     109
itime =     110
itime =     111
itime =     112
itime =     113
itime =     114
itime =     115
itime =     116
itime =     117
itime =     118
itime =     119
itime =     120
/home/users/duttaay/Isca/postprocessing/plevel_interpolation/exec/plev.x
./plevel.sh: line 177: ulimit: stack size: cannot modify limit: Operation not permitted
itime =       1
itime =       2
itime =       3
itime =       4
itime =       5
itime =       6
itime =       7
itime =       8
itime =       9
itime =      10
itime =      11
itime =      12
itime =      13
itime =      14
itime =      15
itime =      16
itime =      17
itime =      18
itime =      19
itime =      20
itime =      21
itime =      22
itime =      23
itime =      24
itime =      25
itime =      26
itime =      27
itime =      28
itime =      29
itime =      30
itime =      31
itime =      32
itime =      33
itime =      34
itime =      35
itime =      36
itime =      37
itime =      38
itime =      39
itime =      40
itime =      41
itime =      42
itime =      43
itime =      44
itime =      45
itime =      46
itime =      47
itime =      48
itime =      49
itime =      50
itime =      51
itime =      52
itime =      53
itime =      54
itime =      55
itime =      56
itime =      57
itime =      58
itime =      59
itime =      60
itime =      61
itime =      62
itime =      63
itime =      64
itime =      65
itime =      66
itime =      67
itime =      68
itime =      69
itime =      70
itime =      71
itime =      72
itime =      73
itime =      74
itime =      75
itime =      76
itime =      77
itime =      78
itime =      79
itime =      80
itime =      81
itime =      82
itime =      83
itime =      84
itime =      85
itime =      86
itime =      87
itime =      88
itime =      89
itime =      90
itime =      91
itime =      92
itime =      93
itime =      94
itime =      95
itime =      96
itime =      97
itime =      98
itime =      99
itime =     100
itime =     101
itime =     102
itime =     103
itime =     104
itime =     105
itime =     106
itime =     107
itime =     108
itime =     109
itime =     110
itime =     111
itime =     112
itime =     113
itime =     114
itime =     115
itime =     116
itime =     117
itime =     118
itime =     119
itime =     120
/home/users/duttaay/Isca/postprocessing/plevel_interpolation/exec/plev.x
./plevel.sh: line 177: ulimit: stack size: cannot modify limit: Operation not permitted
itime =       1
itime =       2
itime =       3
itime =       4
itime =       5
itime =       6
itime =       7
itime =       8
itime =       9
itime =      10
itime =      11
itime =      12
itime =      13
itime =      14
itime =      15
itime =      16
itime =      17
itime =      18
itime =      19
itime =      20
itime =      21
itime =      22
itime =      23
itime =      24
itime =      25
itime =      26
itime =      27
itime =      28
itime =      29
itime =      30
itime =      31
itime =      32
itime =      33
itime =      34
itime =      35
itime =      36
itime =      37
itime =      38
itime =      39
itime =      40
itime =      41
itime =      42
itime =      43
itime =      44
itime =      45
itime =      46
itime =      47
itime =      48
itime =      49
itime =      50
itime =      51
itime =      52
itime =      53
itime =      54
itime =      55
itime =      56
itime =      57
itime =      58
itime =      59
itime =      60
itime =      61
itime =      62
itime =      63
itime =      64
itime =      65
itime =      66
itime =      67
itime =      68
itime =      69
itime =      70
itime =      71
itime =      72
itime =      73
itime =      74
itime =      75
itime =      76
itime =      77
itime =      78
itime =      79
itime =      80
itime =      81
itime =      82
itime =      83
itime =      84
itime =      85
itime =      86
itime =      87
itime =      88
itime =      89
itime =      90
itime =      91
itime =      92
itime =      93
itime =      94
itime =      95
itime =      96
itime =      97
itime =      98
itime =      99
itime =     100
itime =     101
itime =     102
itime =     103
itime =     104
itime =     105
itime =     106
itime =     107
itime =     108
itime =     109
itime =     110
itime =     111
itime =     112
itime =     113
itime =     114
itime =     115
itime =     116
itime =     117
itime =     118
itime =     119
itime =     120
/home/users/duttaay/Isca/postprocessing/plevel_interpolation/exec/plev.x
./plevel.sh: line 177: ulimit: stack size: cannot modify limit: Operation not permitted
itime =       1
itime =       2
itime =       3
itime =       4
itime =       5
itime =       6
itime =       7
itime =       8
itime =       9
itime =      10
itime =      11
itime =      12
itime =      13
itime =      14
itime =      15
itime =      16
itime =      17
itime =      18
itime =      19
itime =      20
itime =      21
itime =      22
itime =      23
itime =      24
itime =      25
itime =      26
itime =      27
itime =      28
itime =      29
itime =      30
itime =      31
itime =      32
itime =      33
itime =      34
itime =      35
itime =      36
itime =      37
itime =      38
itime =      39
itime =      40
itime =      41
itime =      42
itime =      43
itime =      44
itime =      45
itime =      46
itime =      47
itime =      48
itime =      49
itime =      50
itime =      51
itime =      52
itime =      53
itime =      54
itime =      55
itime =      56
itime =      57
itime =      58
itime =      59
itime =      60
itime =      61
itime =      62
itime =      63
itime =      64
itime =      65
itime =      66
itime =      67
itime =      68
itime =      69
itime =      70
itime =      71
itime =      72
itime =      73
itime =      74
itime =      75
itime =      76
itime =      77
itime =      78
itime =      79
itime =      80
itime =      81
itime =      82
itime =      83
itime =      84
itime =      85
itime =      86
itime =      87
itime =      88
itime =      89
itime =      90
itime =      91
itime =      92
itime =      93
itime =      94
itime =      95
itime =      96
itime =      97
itime =      98
itime =      99
itime =     100
itime =     101
itime =     102
itime =     103
itime =     104
itime =     105
itime =     106
itime =     107
itime =     108
itime =     109
itime =     110
itime =     111
itime =     112
itime =     113
itime =     114
itime =     115
itime =     116
itime =     117
itime =     118
itime =     119
itime =     120
/home/users/duttaay/Isca/postprocessing/plevel_interpolation/exec/plev.x
./plevel.sh: line 177: ulimit: stack size: cannot modify limit: Operation not permitted
itime =       1
itime =       2
itime =       3
itime =       4
itime =       5
itime =       6
itime =       7
itime =       8
itime =       9
itime =      10
itime =      11
itime =      12
itime =      13
itime =      14
itime =      15
itime =      16
itime =      17
itime =      18
itime =      19
itime =      20
itime =      21
itime =      22
itime =      23
itime =      24
itime =      25
itime =      26
itime =      27
itime =      28
itime =      29
itime =      30
itime =      31
itime =      32
itime =      33
itime =      34
itime =      35
itime =      36
itime =      37
itime =      38
itime =      39
itime =      40
itime =      41
itime =      42
itime =      43
itime =      44
itime =      45
itime =      46
itime =      47
itime =      48
itime =      49
itime =      50
itime =      51
itime =      52
itime =      53
itime =      54
itime =      55
itime =      56
itime =      57
itime =      58
itime =      59
itime =      60
itime =      61
itime =      62
itime =      63
itime =      64
itime =      65
itime =      66
itime =      67
itime =      68
itime =      69
itime =      70
itime =      71
itime =      72
itime =      73
itime =      74
itime =      75
itime =      76
itime =      77
itime =      78
itime =      79
itime =      80
itime =      81
itime =      82
itime =      83
itime =      84
itime =      85
itime =      86
itime =      87
itime =      88
itime =      89
itime =      90
itime =      91
itime =      92
itime =      93
itime =      94
itime =      95
itime =      96
itime =      97
itime =      98
itime =      99
itime =     100
itime =     101
itime =     102
itime =     103
itime =     104
itime =     105
itime =     106
itime =     107
itime =     108
itime =     109
itime =     110
itime =     111
itime =     112
itime =     113
itime =     114
itime =     115
itime =     116
itime =     117
itime =     118
itime =     119
itime =     120
/home/users/duttaay/Isca/postprocessing/plevel_interpolation/exec/plev.x
./plevel.sh: line 177: ulimit: stack size: cannot modify limit: Operation not permitted
itime =       1
itime =       2
itime =       3
itime =       4
itime =       5
itime =       6
itime =       7
itime =       8
itime =       9
itime =      10
itime =      11
itime =      12
itime =      13
itime =      14
itime =      15
itime =      16
itime =      17
itime =      18
itime =      19
itime =      20
itime =      21
itime =      22
itime =      23
itime =      24
itime =      25
itime =      26
itime =      27
itime =      28
itime =      29
itime =      30
itime =      31
itime =      32
itime =      33
itime =      34
itime =      35
itime =      36
itime =      37
itime =      38
itime =      39
itime =      40
itime =      41
itime =      42
itime =      43
itime =      44
itime =      45
itime =      46
itime =      47
itime =      48
itime =      49
itime =      50
itime =      51
itime =      52
itime =      53
itime =      54
itime =      55
itime =      56
itime =      57
itime =      58
itime =      59
itime =      60
itime =      61
itime =      62
itime =      63
itime =      64
itime =      65
itime =      66
itime =      67
itime =      68
itime =      69
itime =      70
itime =      71
itime =      72
itime =      73
itime =      74
itime =      75
itime =      76
itime =      77
itime =      78
itime =      79
itime =      80
itime =      81
itime =      82
itime =      83
itime =      84
itime =      85
itime =      86
itime =      87
itime =      88
itime =      89
itime =      90
itime =      91
itime =      92
itime =      93
itime =      94
itime =      95
itime =      96
itime =      97
itime =      98
itime =      99
itime =     100
itime =     101
itime =     102
itime =     103
itime =     104
itime =     105
itime =     106
itime =     107
itime =     108
itime =     109
itime =     110
itime =     111
itime =     112
itime =     113
itime =     114
itime =     115
itime =     116
itime =     117
itime =     118
itime =     119
itime =     120
/home/users/duttaay/Isca/postprocessing/plevel_interpolation/exec/plev.x
./plevel.sh: line 177: ulimit: stack size: cannot modify limit: Operation not permitted
itime =       1
itime =       2
itime =       3
itime =       4
itime =       5
itime =       6
itime =       7
itime =       8
itime =       9
itime =      10
itime =      11
itime =      12
itime =      13
itime =      14
itime =      15
itime =      16
itime =      17
itime =      18
itime =      19
itime =      20
itime =      21
itime =      22
itime =      23
itime =      24
itime =      25
itime =      26
itime =      27
itime =      28
itime =      29
itime =      30
itime =      31
itime =      32
itime =      33
itime =      34
itime =      35
itime =      36
itime =      37
itime =      38
itime =      39
itime =      40
itime =      41
itime =      42
itime =      43
itime =      44
itime =      45
itime =      46
itime =      47
itime =      48
itime =      49
itime =      50
itime =      51
itime =      52
itime =      53
itime =      54
itime =      55
itime =      56
itime =      57
itime =      58
itime =      59
itime =      60
itime =      61
itime =      62
itime =      63
itime =      64
itime =      65
itime =      66
itime =      67
itime =      68
itime =      69
itime =      70
itime =      71
itime =      72
itime =      73
itime =      74
itime =      75
itime =      76
itime =      77
itime =      78
itime =      79
itime =      80
itime =      81
itime =      82
itime =      83
itime =      84
itime =      85
itime =      86
itime =      87
itime =      88
itime =      89
itime =      90
itime =      91
itime =      92
itime =      93
itime =      94
itime =      95
itime =      96
itime =      97
itime =      98
itime =      99
itime =     100
itime =     101
itime =     102
itime =     103
itime =     104
itime =     105
itime =     106
itime =     107
itime =     108
itime =     109
itime =     110
itime =     111
itime =     112
itime =     113
itime =     114
itime =     115
itime =     116
itime =     117
itime =     118
itime =     119
itime =     120
/home/users/duttaay/Isca/postprocessing/plevel_interpolation/exec/plev.x
./plevel.sh: line 177: ulimit: stack size: cannot modify limit: Operation not permitted
itime =       1
itime =       2
itime =       3
itime =       4
itime =       5
itime =       6
itime =       7
itime =       8
itime =       9
itime =      10
itime =      11
slurmstepd: error: *** JOB 39419167 ON host1048 CANCELLED AT 2025-09-10T16:29:20 ***
